 
****************************************
Report : timing
        -path full
        -delay max
        -max_paths 1
Design : cpu
Version: W-2024.09
Date   : Thu Apr 24 17:18:05 2025
****************************************

 # A fanout number of 1000 was used for high fanout net computations.

Operating Conditions: typical   Library: NangateOpenCellLibrary
Wire Load Model Mode: enclosed

  Startpoint: mul_inst/a_div_s_reg_1_
              (rising edge-triggered flip-flop clocked by my_clk)
  Endpoint: mul_inst/divide_signed/div_seq_isnt/part_rem_reg_reg[8]
            (rising edge-triggered flip-flop clocked by my_clk)
  Path Group: my_clk
  Path Type: max

  Des/Clust/Port     Wire Load Model       Library
  ------------------------------------------------
  cpu                5K_hvratio_1_1        NangateOpenCellLibrary

  Point                                                   Incr       Path
  --------------------------------------------------------------------------
  clock my_clk (rise edge)                            0.000000   0.000000
  clock network delay (ideal)                         0.000000   0.000000
  mul_inst/a_div_s_reg_1_/CK (DFF_X1)                 0.000000   0.000000 r
  mul_inst/a_div_s_reg_1_/QN (DFF_X1)                 0.078841   0.078841 r
  U23238/CO (HA_X1)                                   0.069268   0.148109 r
  U23246/CO (HA_X1)                                   0.057751   0.205860 r
  U23254/CO (HA_X1)                                   0.057723   0.263583 r
  U23262/CO (HA_X1)                                   0.057751   0.321335 r
  U23270/CO (HA_X1)                                   0.057723   0.379058 r
  U23278/CO (HA_X1)                                   0.057751   0.436809 r
  U23286/CO (HA_X1)                                   0.057751   0.494560 r
  U23294/CO (HA_X1)                                   0.057751   0.552311 r
  U23302/CO (HA_X1)                                   0.057723   0.610035 r
  U23310/CO (HA_X1)                                   0.057751   0.667786 r
  U23234/CO (HA_X1)                                   0.057751   0.725537 r
  U23242/CO (HA_X1)                                   0.057751   0.783288 r
  U23250/CO (HA_X1)                                   0.057723   0.841012 r
  U23258/CO (HA_X1)                                   0.057751   0.898763 r
  U23266/CO (HA_X1)                                   0.057751   0.956514 r
  U23274/CO (HA_X1)                                   0.057751   1.014265 r
  U23282/CO (HA_X1)                                   0.057723   1.071989 r
  U23290/CO (HA_X1)                                   0.057742   1.129730 r
  U23298/CO (HA_X1)                                   0.057751   1.187482 r
  U23306/CO (HA_X1)                                   0.057751   1.245233 r
  U23314/CO (HA_X1)                                   0.057751   1.302984 r
  U19719/CO (HA_X1)                                   0.057751   1.360735 r
  U19312/CO (HA_X1)                                   0.057723   1.418459 r
  U18951/CO (HA_X1)                                   0.057744   1.476202 r
  U18518/CO (HA_X1)                                   0.057751   1.533953 r
  U18157/CO (HA_X1)                                   0.057741   1.591694 r
  U17722/CO (HA_X1)                                   0.057740   1.649435 r
  U17364/CO (HA_X1)                                   0.057770   1.707205 r
  U16925/CO (HA_X1)                                   0.057751   1.764956 r
  U16569/CO (HA_X1)                                   0.055118   1.820075 r
  U16215/Z (XOR2_X1)                                  0.030176   1.850251 f
  U16217/ZN (NAND2_X1)                                0.027663   1.877913 r
  U16219/ZN (NAND2_X1)                                0.033861   1.911774 f
  U16566/CO (FA_X1)                                   0.096582   2.008356 f
  U16220/ZN (INV_X1)                                  0.030547   2.038903 r
  U16222/ZN (OAI21_X1)                                0.031773   2.070676 f
  U16226/ZN (AOI21_X1)                                0.057484   2.128160 r
  U16262/ZN (OAI21_X1)                                0.038931   2.167091 f
  U16349/ZN (AOI21_X1)                                0.053163   2.220254 r
  U16539/ZN (OAI21_X1)                                0.030671   2.250925 f
  U16553/ZN (OR2_X1)                                  0.063524   2.314448 f
  U6832/ZN (INV_X2)                                   0.136043   2.450492 r
  U16630/Z (MUX2_X1)                                  0.112137   2.562628 f
  U16631/ZN (NOR2_X1)                                 0.062023   2.624651 r
  U16689/ZN (OAI21_X1)                                0.047160   2.671812 f
  U16693/ZN (AOI21_X1)                                0.071705   2.743517 r
  U16701/ZN (OAI21_X1)                                0.036222   2.779738 f
  U16702/ZN (AOI21_X1)                                0.065362   2.845101 r
  U16892/ZN (OAI21_X1)                                0.030671   2.875771 f
  U16906/ZN (OR2_X1)                                  0.066406   2.942177 f
  U6830/ZN (INV_X2)                                   0.155107   3.097285 r
  U16966/Z (BUF_X1)                                   0.126336   3.223620 r
  U16999/ZN (NAND2_X1)                                0.039989   3.263609 f
  U17005/ZN (AND2_X1)                                 0.043755   3.307364 f
  U17006/ZN (NOR2_X1)                                 0.060035   3.367399 r
  U17082/ZN (OAI21_X1)                                0.047160   3.414559 f
  U17086/ZN (AOI21_X1)                                0.071705   3.486264 r
  U17094/ZN (OAI21_X1)                                0.036222   3.522486 f
  U17095/ZN (AOI21_X1)                                0.065362   3.587848 r
  U17329/ZN (OAI21_X1)                                0.030671   3.618519 f
  U17345/ZN (OR2_X1)                                  0.066885   3.685404 f
  U6828/ZN (INV_X2)                                   0.140584   3.825988 r
  U17425/Z (MUX2_X1)                                  0.112487   3.938475 f
  U17426/ZN (NOR2_X1)                                 0.062036   4.000511 r
  U17484/ZN (OAI21_X1)                                0.047160   4.047670 f
  U17488/ZN (AOI21_X1)                                0.071705   4.119375 r
  U17496/ZN (OAI21_X1)                                0.036222   4.155597 f
  U17497/ZN (AOI21_X1)                                0.065362   4.220959 r
  U17687/ZN (OAI21_X1)                                0.030671   4.251630 f
  U17703/ZN (OR2_X1)                                  0.074418   4.326048 f
  U6826/ZN (INV_X4)                                   0.141030   4.467078 r
  U17792/ZN (NAND2_X1)                                0.057769   4.524848 f
  U17798/ZN (AND2_X1)                                 0.044098   4.568946 f
  U17799/ZN (NOR2_X1)                                 0.060038   4.628984 r
  U17875/ZN (OAI21_X1)                                0.047160   4.676144 f
  U17879/ZN (AOI21_X1)                                0.071705   4.747849 r
  U17887/ZN (OAI21_X1)                                0.036222   4.784070 f
  U17888/ZN (AOI21_X1)                                0.065362   4.849432 r
  U18122/ZN (OAI21_X1)                                0.032887   4.882320 f
  U6953/ZN (NOR2_X1)                                  0.130382   5.012702 r
  U18138/ZN (INV_X2)                                  0.122130   5.134831 f
  U18221/Z (MUX2_X1)                                  0.111784   5.246615 f
  U18222/ZN (NOR2_X1)                                 0.062192   5.308807 r
  U18280/ZN (OAI21_X1)                                0.047160   5.355967 f
  U18284/ZN (AOI21_X1)                                0.071705   5.427671 r
  U18292/ZN (OAI21_X1)                                0.036222   5.463893 f
  U18293/ZN (AOI21_X1)                                0.065362   5.529255 r
  U18483/ZN (OAI21_X1)                                0.030671   5.559927 f
  U18499/ZN (OR2_X1)                                  0.073734   5.633660 f
  U6823/ZN (INV_X2)                                   0.186669   5.820330 r
  U18585/ZN (NAND2_X1)                                0.056847   5.877177 f
  U18591/ZN (AND2_X1)                                 0.047695   5.924871 f
  U18592/ZN (NOR2_X1)                                 0.060039   5.984910 r
  U18668/ZN (OAI21_X1)                                0.047160   6.032070 f
  U18672/ZN (AOI21_X1)                                0.071705   6.103775 r
  U18680/ZN (OAI21_X1)                                0.036222   6.139996 f
  U18681/ZN (AOI21_X1)                                0.065362   6.205359 r
  U18915/ZN (OAI21_X1)                                0.032887   6.238246 f
  U6938/ZN (NOR2_X1)                                  0.146267   6.384513 r
  U18931/ZN (INV_X2)                                  0.118123   6.502635 f
  U19016/Z (MUX2_X1)                                  0.112289   6.614924 f
  U19017/ZN (NOR2_X1)                                 0.062201   6.677125 r
  U19075/ZN (OAI21_X1)                                0.047160   6.724285 f
  U19079/ZN (AOI21_X1)                                0.071705   6.795990 r
  U19087/ZN (OAI21_X1)                                0.036222   6.832211 f
  U19088/ZN (AOI21_X1)                                0.065362   6.897573 r
  U19278/ZN (OAI21_X1)                                0.030671   6.928245 f
  U6985/ZN (OR2_X1)                                   0.110696   7.038941 f
  U19294/ZN (INV_X1)                                  0.200506   7.239447 r
  U6971/ZN (INV_X1)                                   0.108121   7.347569 f
  U19379/ZN (OAI21_X1)                                0.079092   7.426661 r
  U19380/ZN (INV_X1)                                  0.029178   7.455838 f
  U19381/ZN (NOR2_X1)                                 0.059170   7.515008 r
  U19451/ZN (OAI21_X1)                                0.047160   7.562168 f
  U19455/ZN (AOI21_X1)                                0.071705   7.633873 r
  U19463/ZN (OAI21_X1)                                0.036222   7.670094 f
  U19464/ZN (AOI21_X1)                                0.065362   7.735457 r
  U19686/ZN (OAI21_X1)                                0.030671   7.766128 f
  U6991/ZN (OR2_X1)                                   0.082346   7.848475 f
  U6820/ZN (INV_X2)                                   0.163178   8.011653 r
  U6819/Z (CLKBUF_X1)                                 0.142810   8.154463 r
  U19797/ZN (AOI21_X1)                                0.055586   8.210049 f
  U19798/ZN (NOR2_X1)                                 0.064266   8.274315 r
  U19848/ZN (OAI21_X1)                                0.035712   8.310027 f
  U19849/ZN (AOI21_X1)                                0.075824   8.385851 r
  U19857/ZN (OAI21_X1)                                0.036222   8.422072 f
  U19858/ZN (AOI21_X1)                                0.065362   8.487434 r
  U20064/ZN (OAI21_X1)                                0.030670   8.518105 f
  U6992/ZN (OR2_X1)                                   0.089381   8.607486 f
  U6818/ZN (INV_X2)                                   0.145987   8.753472 r
  U23367/Z (MUX2_X1)                                  0.101676   8.855148 f
  mul_inst/divide_signed/div_seq_isnt/part_rem_reg_reg[8]/D (DFFR_X1)
                                                      0.008496   8.863645 f
  data arrival time                                              8.863645

  clock my_clk (rise edge)                            10.000000  10.000000
  clock network delay (ideal)                         0.000000   10.000000
  mul_inst/divide_signed/div_seq_isnt/part_rem_reg_reg[8]/CK (DFFR_X1)
                                                      0.000000   10.000000 r
  library setup time                                  -0.041070  9.958930
  data required time                                             9.958930
  --------------------------------------------------------------------------
  data required time                                             9.958930
  data arrival time                                              -8.863645
  --------------------------------------------------------------------------
  slack (MET)                                                    1.095285


1
